# integrator: Langevin BAOAB
# timestep_fs: 1.0
# seed: 0
# n_atoms: 22
# dof: 63
# temperature_dof_convention: 3N - 3 (centre of mass pinned)
# calculator: MACE(model='MACE-OFF23_small', cueq=False, energy_reference='atoms', dtype='float32')
# dtype: float32
# energy_offset_eV: -13406.88400353325
# pbc: [False, False, False]
# neighborlist_capacity: 384
# device: gpu
# ensemble: NVT
# temperature_K: 300.0
# friction_per_fs: 0.01
# fix_com: True
# step	time_fs	T_K	E_pot_eV	E_kin_eV	E_tot_eV	dE_tot_eV
0	0.000	254.760	-95.18298958	0.69153595	-94.49145363	0.000e+00
500	500.000	255.321	-94.61397450	0.69305950	-93.92091500	5.705e-01
1000	1000.000	347.032	-94.58091830	0.94200325	-93.63891505	8.525e-01
1500	1500.000	230.704	-94.67685706	0.62623781	-94.05061925	4.408e-01
2000	2000.000	315.977	-94.64611649	0.85770655	-93.78840995	7.030e-01
2500	2500.000	231.949	-94.68301017	0.62961471	-94.05339546	4.381e-01
3000	3000.000	331.068	-94.67595656	0.89867061	-93.77728595	7.142e-01
3500	3500.000	183.825	-94.43042680	0.49898431	-93.93144250	5.600e-01
4000	4000.000	307.265	-94.55021845	0.83405721	-93.71616124	7.753e-01
4500	4500.000	322.538	-94.62249383	0.87551719	-93.74697664	7.445e-01
5000	5000.000	278.074	-94.33904692	0.75482047	-93.58422646	9.072e-01
5500	5500.000	229.984	-94.56935805	0.62428164	-93.94507641	5.464e-01
6000	6000.000	244.345	-94.52055782	0.66326416	-93.85729366	6.342e-01
6500	6500.000	278.347	-94.60388483	0.75556225	-93.84832258	6.431e-01
7000	7000.000	312.089	-94.53940983	0.84715253	-93.69225730	7.992e-01
7500	7500.000	392.629	-94.64166411	1.06577551	-93.57588860	9.156e-01
8000	8000.000	308.036	-94.63058397	0.83615059	-93.79443338	6.970e-01
8500	8500.000	288.454	-94.43262683	0.78299522	-93.64963161	8.418e-01
9000	9000.000	253.390	-94.52605280	0.68781626	-93.83823654	6.532e-01
9500	9500.000	208.005	-94.53760786	0.56462032	-93.97298754	5.185e-01
10000	10000.000	335.696	-94.44646298	0.91123301	-93.53522997	9.562e-01
10500	10500.000	254.247	-94.57476412	0.69014323	-93.88462089	6.068e-01
11000	11000.000	285.283	-94.46076424	0.77438819	-93.68637605	8.051e-01
11500	11500.000	356.491	-94.41073618	0.96768081	-93.44305537	1.048e+00
12000	12000.000	274.043	-94.45624483	0.74387926	-93.71236557	7.791e-01
12500	12500.000	476.753	-94.50903151	1.29412770	-93.21490380	1.277e+00
13000	13000.000	274.061	-94.76096515	0.74392712	-94.01703803	4.744e-01
13500	13500.000	221.890	-94.56846434	0.60231066	-93.96615369	5.253e-01
14000	14000.000	273.400	-94.73165370	0.74213314	-93.98952056	5.019e-01
14500	14500.000	237.753	-94.62952991	0.64537209	-93.98415782	5.073e-01
15000	15000.000	255.929	-94.48806560	0.69470906	-93.79335654	6.981e-01
15500	15500.000	297.299	-94.44271981	0.80700684	-93.63571297	8.557e-01
16000	16000.000	331.674	-94.70339742	0.90031540	-93.80308202	6.884e-01
16500	16500.000	278.116	-94.67506745	0.75493550	-93.92013195	5.713e-01
17000	17000.000	301.502	-94.28609228	0.81841457	-93.46767771	1.024e+00
17500	17500.000	216.202	-94.54456840	0.58687228	-93.95769612	5.338e-01
18000	18000.000	208.600	-94.84096592	0.56623560	-94.27473031	2.167e-01
18500	18500.000	344.323	-94.72319371	0.93465114	-93.78854257	7.029e-01
19000	19000.000	261.572	-94.58925024	0.71002519	-93.87922505	6.122e-01
19500	19500.000	367.077	-94.47207826	0.99641472	-93.47566354	1.016e+00
20000	20000.000	410.855	-94.50251000	1.11524832	-93.38726168	1.104e+00
20500	20500.000	244.342	-94.39026833	0.66325653	-93.72701180	7.644e-01
21000	21000.000	364.459	-94.41142237	0.98930883	-93.42211354	1.069e+00
21500	21500.000	231.636	-94.30263638	0.62876618	-93.67387020	8.176e-01
22000	22000.000	337.272	-94.49761440	0.91551107	-93.58210333	9.094e-01
22500	22500.000	368.329	-94.59224925	0.99981493	-93.59243432	8.990e-01
23000	23000.000	364.653	-94.54688562	0.98983622	-93.55704941	9.344e-01
23500	23500.000	415.957	-94.40042019	1.12909794	-93.27132225	1.220e+00
24000	24000.000	291.651	-94.51430474	0.79167503	-93.72262971	7.688e-01
24500	24500.000	288.029	-94.66654925	0.78184396	-93.88470529	6.067e-01
25000	25000.000	278.238	-94.71491199	0.75526476	-93.95964723	5.318e-01
25500	25500.000	310.714	-94.69759848	0.84342140	-93.85417708	6.373e-01
26000	26000.000	321.780	-94.26466272	0.87345731	-93.39120541	1.100e+00
26500	26500.000	302.699	-94.46110322	0.82166427	-93.63943895	8.520e-01
27000	27000.000	248.459	-94.83793388	0.67443132	-94.16350255	3.280e-01
27500	27500.000	294.748	-94.74787142	0.80008066	-93.94779077	5.437e-01
28000	28000.000	241.512	-94.59842303	0.65557504	-93.94284799	5.486e-01
28500	28500.000	346.323	-94.56512626	0.94007856	-93.62504770	8.664e-01
29000	29000.000	195.194	-94.54368185	0.52984720	-94.01383464	4.776e-01
29500	29500.000	219.937	-94.55908588	0.59701097	-93.96207491	5.294e-01
30000	30000.000	239.994	-94.68800845	0.65145487	-94.03655358	4.549e-01
30500	30500.000	285.720	-94.24425553	0.77557474	-93.46868079	1.023e+00
31000	31000.000	264.951	-94.68548487	0.71919978	-93.96628509	5.252e-01
31500	31500.000	274.029	-94.53520716	0.74383956	-93.79136760	7.001e-01
32000	32000.000	369.440	-94.24041320	1.00283003	-93.23758317	1.254e+00
32500	32500.000	305.478	-94.70957351	0.82920849	-93.88036501	6.111e-01
33000	33000.000	307.388	-94.56231865	0.83439255	-93.72792610	7.635e-01
33500	33500.000	233.305	-94.62806065	0.63329679	-93.99476386	4.967e-01
34000	34000.000	310.403	-94.71790095	0.84257507	-93.87532587	6.161e-01
34500	34500.000	295.043	-94.35928500	0.80088210	-93.55840290	9.331e-01
35000	35000.000	231.549	-94.69675815	0.62853003	-94.06822813	4.232e-01
35500	35500.000	275.194	-94.61317539	0.74700415	-93.86617124	6.253e-01
36000	36000.000	323.175	-94.52747333	0.87724531	-93.65022803	8.412e-01
36500	36500.000	290.032	-94.41704508	0.78728008	-93.62976499	8.617e-01
37000	37000.000	367.731	-94.46532325	0.99819112	-93.46713213	1.024e+00
37500	37500.000	361.881	-94.50069442	0.98231119	-93.51838323	9.731e-01
38000	38000.000	221.709	-94.25747895	0.60181940	-93.65565956	8.358e-01
38500	38500.000	338.761	-94.45852672	0.91955245	-93.53897428	9.525e-01
39000	39000.000	236.206	-94.69247214	0.64117235	-94.05129979	4.402e-01
39500	39500.000	183.383	-94.70831311	0.49778637	-94.21052674	2.809e-01
40000	40000.000	279.281	-94.65452026	0.75809759	-93.89642267	5.950e-01
40500	40500.000	260.625	-94.44611185	0.70745456	-93.73865729	7.528e-01
41000	41000.000	283.183	-94.39762367	0.76868784	-93.62893583	8.625e-01
41500	41500.000	326.898	-94.33635822	0.88735223	-93.44900599	1.042e+00
42000	42000.000	289.540	-94.38012902	0.78594458	-93.59418444	8.973e-01
42500	42500.000	267.899	-94.73352331	0.72720134	-94.00632197	4.851e-01
43000	43000.000	290.963	-94.77826773	0.78980839	-93.98845933	5.030e-01
43500	43500.000	288.018	-94.66343904	0.78181291	-93.88162614	6.098e-01
44000	44000.000	391.883	-94.41247149	1.06375134	-93.34872015	1.143e+00
44500	44500.000	282.785	-94.55441138	0.76760817	-93.78680322	7.047e-01
45000	45000.000	242.800	-94.55425591	0.65907097	-93.89518494	5.963e-01
45500	45500.000	236.448	-94.75852572	0.64182711	-94.11669862	3.748e-01
46000	46000.000	317.977	-94.34359421	0.86313474	-93.48045947	1.011e+00
46500	46500.000	258.513	-94.63541500	0.70172191	-93.93369310	5.578e-01
47000	47000.000	316.024	-94.43179124	0.85783291	-93.57395833	9.175e-01
47500	47500.000	230.838	-94.38096659	0.62660134	-93.75436525	7.371e-01
48000	48000.000	311.634	-94.43565246	0.84591705	-93.58973541	9.017e-01
48500	48500.000	293.383	-94.53696674	0.79637611	-93.74059063	7.509e-01
49000	49000.000	371.830	-94.52069713	1.00931704	-93.51138009	9.801e-01
49500	49500.000	344.729	-94.54163867	0.93575191	-93.60588676	8.856e-01
50000	50000.000	357.480	-94.49879272	0.97036576	-93.52842695	9.630e-01
50500	50500.000	257.333	-94.50129862	0.69852036	-93.80277825	6.887e-01
51000	51000.000	295.817	-94.74315329	0.80298412	-93.94016917	5.513e-01
51500	51500.000	327.244	-94.44089819	0.88829118	-93.55260701	9.388e-01
52000	52000.000	232.356	-94.68987561	0.63072181	-94.05915380	4.323e-01
52500	52500.000	260.284	-94.45065300	0.70652914	-93.74412386	7.473e-01
53000	53000.000	240.719	-94.49688037	0.65342212	-93.84345825	6.480e-01
53500	53500.000	259.898	-94.67052133	0.70548272	-93.96503861	5.264e-01
54000	54000.000	274.092	-94.78226365	0.74401093	-94.03825272	4.532e-01
54500	54500.000	237.747	-94.39798145	0.64535332	-93.75262814	7.388e-01
55000	55000.000	341.397	-94.48786282	0.92670810	-93.56115472	9.303e-01
55500	55500.000	234.810	-94.38434378	0.63738155	-93.74696223	7.445e-01
56000	56000.000	310.546	-94.33944114	0.84296322	-93.49647792	9.950e-01
56500	56500.000	331.303	-94.31320207	0.89930910	-93.41389297	1.078e+00
57000	57000.000	262.177	-94.55010700	0.71166813	-93.83843886	6.530e-01
57500	57500.000	349.562	-94.17837966	0.94887102	-93.22950865	1.262e+00
58000	58000.000	368.016	-94.39453848	0.99896461	-93.39557388	1.096e+00
58500	58500.000	314.635	-94.50250295	0.85406411	-93.64843884	8.430e-01
59000	59000.000	421.069	-94.47065304	1.14297569	-93.32767736	1.164e+00
59500	59500.000	236.946	-94.59460416	0.64318019	-93.95142396	5.400e-01
60000	60000.000	286.401	-94.76816688	0.77742314	-93.99074374	5.007e-01
60500	60500.000	271.579	-94.69063838	0.73719054	-93.95344783	5.380e-01
61000	61000.000	263.571	-94.36574162	0.71545148	-93.65029014	8.412e-01
61500	61500.000	284.331	-94.52845091	0.77180535	-93.75664557	7.348e-01
62000	62000.000	272.724	-94.49751551	0.74029922	-93.75721628	7.342e-01
62500	62500.000	264.835	-94.50555700	0.71888363	-93.78667336	7.048e-01
63000	63000.000	247.719	-94.36134093	0.67242229	-93.68891864	8.025e-01
63500	63500.000	281.340	-94.56681074	0.76368690	-93.80312385	6.883e-01
64000	64000.000	313.461	-94.59017638	0.85087633	-93.73930005	7.522e-01
64500	64500.000	353.023	-94.67857296	0.95826513	-93.72030784	7.711e-01
65000	65000.000	313.499	-94.65469529	0.85097909	-93.80371620	6.877e-01
65500	65500.000	314.476	-94.57682095	0.85363209	-93.72318885	7.683e-01
66000	66000.000	385.775	-94.68653260	1.04717052	-93.63936209	8.521e-01
66500	66500.000	323.193	-94.38060457	0.87729335	-93.50331122	9.881e-01
67000	67000.000	348.609	-94.29830538	0.94628620	-93.35201918	1.139e+00
67500	67500.000	189.567	-94.49638174	0.51457191	-93.98180984	5.096e-01
68000	68000.000	316.900	-94.63207965	0.86021256	-93.77186709	7.196e-01
68500	68500.000	188.594	-94.22989015	0.51193035	-93.71795980	7.735e-01
69000	69000.000	272.240	-94.48806615	0.73898536	-93.74908079	7.424e-01
69500	69500.000	275.759	-94.50196119	0.74853539	-93.75342579	7.380e-01
70000	70000.000	263.353	-94.37080028	0.71486187	-93.65593841	8.355e-01
70500	70500.000	175.359	-94.64687285	0.47600436	-94.17086849	3.206e-01
71000	71000.000	352.358	-94.45107551	0.95646161	-93.49461390	9.968e-01
71500	71500.000	228.374	-94.48740170	0.61991233	-93.86748938	6.240e-01
72000	72000.000	288.138	-94.56397179	0.78213751	-93.78183428	7.096e-01
72500	72500.000	335.099	-94.64472222	0.90961188	-93.73511034	7.563e-01
73000	73000.000	304.970	-94.71019973	0.82782763	-93.88237210	6.091e-01
73500	73500.000	410.793	-94.70982657	1.11508131	-93.59474526	8.967e-01
74000	74000.000	292.010	-94.41396343	0.79264903	-93.62131440	8.701e-01
74500	74500.000	316.651	-94.71993862	0.85953653	-93.86040209	6.311e-01
75000	75000.000	347.626	-94.46437438	0.94361663	-93.52075775	9.707e-01
75500	75500.000	295.820	-94.14782924	0.80299163	-93.34483761	1.147e+00
76000	76000.000	391.043	-94.52755662	1.06147146	-93.46608516	1.025e+00
76500	76500.000	331.317	-94.74496650	0.89934510	-93.84562140	6.458e-01
77000	77000.000	346.148	-94.49769438	0.93960357	-93.55809081	9.334e-01
77500	77500.000	276.553	-94.47005368	0.75069225	-93.71936143	7.721e-01
78000	78000.000	217.460	-94.55286935	0.59028637	-93.96258297	5.289e-01
78500	78500.000	262.705	-94.11192520	0.71310329	-93.39882191	1.093e+00
79000	79000.000	349.329	-94.68382592	0.94823807	-93.73558784	7.559e-01
79500	79500.000	329.580	-94.59337402	0.89463162	-93.69874239	7.927e-01
80000	80000.000	297.001	-94.35258747	0.80619645	-93.54639102	9.451e-01
80500	80500.000	303.133	-94.55927171	0.82284188	-93.73642983	7.550e-01
81000	81000.000	274.171	-94.49672142	0.74422473	-93.75249669	7.390e-01
81500	81500.000	275.562	-94.58269107	0.74800104	-93.83469003	6.568e-01
82000	82000.000	357.607	-94.39836363	0.97071064	-93.42765299	1.064e+00
82500	82500.000	302.171	-94.47271938	0.82023048	-93.65248890	8.390e-01
83000	83000.000	303.471	-94.40990193	0.82375997	-93.58614195	9.053e-01
83500	83500.000	240.284	-94.63868782	0.65224206	-93.98644575	5.050e-01
84000	84000.000	299.365	-94.38375913	0.81261337	-93.57114576	9.203e-01
84500	84500.000	272.769	-94.65121671	0.74042046	-93.91079625	5.807e-01
85000	85000.000	214.863	-94.76049906	0.58323610	-94.17726296	3.142e-01
85500	85500.000	289.085	-94.43169650	0.78471059	-93.64698592	8.445e-01
86000	86000.000	213.908	-94.37731453	0.58064502	-93.79666950	6.948e-01
86500	86500.000	333.955	-94.80361358	0.90650779	-93.89710579	5.943e-01
87000	87000.000	360.079	-94.59408190	0.97741908	-93.61666282	8.748e-01
87500	87500.000	259.588	-94.55707635	0.70464092	-93.85243543	6.390e-01
88000	88000.000	290.042	-94.49447489	0.78730667	-93.70716823	7.843e-01
88500	88500.000	279.136	-94.60816881	0.75770432	-93.85046449	6.410e-01
89000	89000.000	285.993	-94.46012129	0.77631593	-93.68380536	8.076e-01
89500	89500.000	344.665	-94.24029021	0.93557954	-93.30471067	1.187e+00
90000	90000.000	350.707	-94.58747121	0.95197868	-93.63549253	8.560e-01
90500	90500.000	298.661	-94.38266999	0.81070369	-93.57196629	9.195e-01
91000	91000.000	326.111	-94.67073489	0.88521600	-93.78551889	7.059e-01
91500	91500.000	418.013	-94.41490048	1.13467789	-93.28022259	1.211e+00
92000	92000.000	254.267	-94.59272906	0.69019854	-93.90253052	5.889e-01
92500	92500.000	262.210	-94.58624998	0.71175808	-93.87449191	6.170e-01
93000	93000.000	288.689	-94.47097261	0.78363323	-93.68733938	8.041e-01
93500	93500.000	252.939	-94.61677624	0.68659258	-93.93018366	5.613e-01
94000	94000.000	446.746	-94.18990523	1.21267259	-92.97723264	1.514e+00
94500	94500.000	356.850	-94.48967926	0.96865487	-93.52102439	9.704e-01
95000	95000.000	156.464	-94.59854251	0.42471480	-94.17382771	3.176e-01
95500	95500.000	288.851	-94.57876051	0.78407353	-93.79468698	6.968e-01
96000	96000.000	236.782	-94.20152350	0.64273512	-93.55878837	9.327e-01
96500	96500.000	244.924	-94.36969609	0.66483665	-93.70485944	7.866e-01
97000	97000.000	348.001	-94.09343807	0.94463575	-93.14880232	1.343e+00
97500	97500.000	332.204	-94.41313149	0.90175402	-93.51137747	9.801e-01
98000	98000.000	241.915	-94.66046094	0.65666932	-94.00379162	4.877e-01
98500	98500.000	277.134	-94.48483563	0.75226879	-93.73256684	7.589e-01
99000	99000.000	300.670	-94.56783398	0.81615716	-93.75167681	7.398e-01
99500	99500.000	230.667	-94.09808278	0.62613690	-93.47194588	1.020e+00
100000	100000.000	282.234	-94.35539309	0.76611257	-93.58928053	9.022e-01
100500	100500.000	202.312	-94.58228909	0.54916835	-94.03312074	4.583e-01
101000	101000.000	341.979	-94.58597620	0.92828876	-93.65768744	8.338e-01
101500	101500.000	344.067	-94.58860913	0.93395573	-93.65465340	8.368e-01
102000	102000.000	278.161	-94.51569725	0.75505763	-93.76063961	7.308e-01
102500	102500.000	317.438	-94.32978879	0.86167186	-93.46811693	1.023e+00
103000	103000.000	240.966	-94.44900598	0.65409243	-93.79491355	6.965e-01
103500	103500.000	285.489	-94.65532919	0.77494848	-93.88038071	6.111e-01
104000	104000.000	251.360	-94.30365664	0.68230712	-93.62134952	8.701e-01
104500	104500.000	372.177	-94.40501603	1.01025939	-93.39475664	1.097e+00
105000	105000.000	309.381	-94.42221418	0.83980191	-93.58241227	9.090e-01
105500	105500.000	361.599	-94.33500839	0.98154438	-93.35346402	1.138e+00
106000	106000.000	352.157	-94.16559183	0.95591497	-93.20967686	1.282e+00
106500	106500.000	275.283	-94.17706748	0.74724513	-93.42982234	1.062e+00
107000	107000.000	309.576	-94.58034923	0.84033179	-93.74001744	7.514e-01
107500	107500.000	231.069	-94.10126420	0.62722862	-93.47403558	1.017e+00
108000	108000.000	225.668	-94.16279572	0.61256540	-93.55023032	9.412e-01
108500	108500.000	301.062	-94.64960354	0.81722021	-93.83238333	6.591e-01
109000	109000.000	338.979	-94.25524192	0.92014402	-93.33509790	1.156e+00
109500	109500.000	358.358	-94.59147739	0.97274804	-93.61872935	8.727e-01
110000	110000.000	416.146	-94.68494875	1.12961090	-93.55533785	9.361e-01
110500	110500.000	249.234	-94.43229596	0.67653638	-93.75575958	7.357e-01
111000	111000.000	295.106	-94.66966599	0.80105233	-93.86861365	6.228e-01
111500	111500.000	230.544	-94.36112503	0.62580281	-93.73532221	7.561e-01
112000	112000.000	191.069	-94.57167649	0.51865029	-94.05302619	4.384e-01
112500	112500.000	211.871	-94.58504629	0.57511640	-94.00992990	4.815e-01
113000	113000.000	361.212	-94.42673695	0.98049527	-93.44624168	1.045e+00
113500	113500.000	328.579	-94.45996637	0.89191377	-93.56805260	9.234e-01
114000	114000.000	295.444	-94.32226100	0.80197191	-93.52028909	9.712e-01
114500	114500.000	351.466	-94.35866756	0.95404029	-93.40462727	1.087e+00
115000	115000.000	225.212	-94.68113747	0.61132771	-94.06980976	4.216e-01
115500	115500.000	353.939	-94.47796371	0.96075237	-93.51721134	9.742e-01
116000	116000.000	281.600	-94.51692641	0.76439118	-93.75253522	7.389e-01
116500	116500.000	293.571	-94.81825187	0.79688585	-94.02136602	4.701e-01
117000	117000.000	340.431	-94.61981085	0.92408532	-93.69572553	7.957e-01
117500	117500.000	361.416	-94.71244689	0.98104799	-93.73139890	7.601e-01
118000	118000.000	349.008	-94.67578683	0.94736707	-93.72841976	7.630e-01
118500	118500.000	286.232	-94.53229466	0.77696621	-93.75532845	7.361e-01
119000	119000.000	202.953	-94.40457638	0.55090833	-93.85366805	6.378e-01
119500	119500.000	239.457	-94.38372071	0.64999592	-93.73372479	7.577e-01
120000	120000.000	308.341	-94.57803543	0.83697903	-93.74105640	7.504e-01
120500	120500.000	384.262	-94.47804647	1.04306424	-93.43498223	1.056e+00
121000	121000.000	257.051	-94.39744883	0.69775426	-93.69969457	7.918e-01
121500	121500.000	286.222	-94.62528368	0.77693737	-93.84834632	6.431e-01
122000	122000.000	303.642	-94.47282436	0.82422453	-93.64859982	8.429e-01
122500	122500.000	340.365	-94.52822355	0.92390776	-93.60431579	8.871e-01
123000	123000.000	268.849	-94.45524952	0.72977853	-93.72547099	7.660e-01
123500	123500.000	242.498	-94.24877427	0.65825021	-93.59052406	9.009e-01
124000	124000.000	316.356	-94.28440022	0.85873657	-93.42566365	1.066e+00
124500	124500.000	328.075	-94.90949674	0.89054549	-94.01895126	4.725e-01
125000	125000.000	366.020	-94.69380841	0.99354571	-93.70026270	7.912e-01
125500	125500.000	401.162	-94.60143541	1.08893847	-93.51249693	9.790e-01
126000	126000.000	426.472	-94.57304327	1.15764177	-93.41540151	1.076e+00
126500	126500.000	308.419	-94.51095218	0.83719122	-93.67376096	8.177e-01
127000	127000.000	350.297	-94.67843700	0.95086557	-93.72757143	7.639e-01
127500	127500.000	421.075	-94.53210214	1.14299178	-93.38911036	1.102e+00
128000	128000.000	349.766	-94.60300918	0.94942570	-93.65358349	8.379e-01
128500	128500.000	240.970	-94.45682664	0.65410388	-93.80272276	6.887e-01
129000	129000.000	256.556	-94.38659563	0.69640982	-93.69018581	8.013e-01
129500	129500.000	280.394	-94.69632402	0.76111704	-93.93520698	5.562e-01
130000	130000.000	254.800	-94.25004891	0.69164300	-93.55840591	9.330e-01
130500	130500.000	356.679	-94.48100844	0.96818978	-93.51281866	9.786e-01
131000	131000.000	291.009	-94.29676677	0.78993326	-93.50683351	9.846e-01
131500	131500.000	355.781	-94.48867947	0.96575189	-93.52292758	9.685e-01
132000	132000.000	245.649	-94.74580794	0.66680294	-94.07900500	4.124e-01
132500	132500.000	309.735	-94.39041414	0.84076166	-93.54965248	9.418e-01
133000	133000.000	392.169	-94.13552017	1.06452656	-93.07099361	1.420e+00
133500	133500.000	305.677	-94.53750318	0.82974863	-93.70775455	7.837e-01
134000	134000.000	293.217	-94.64591935	0.79592466	-93.84999469	6.415e-01
134500	134500.000	258.277	-94.44062347	0.70108104	-93.73954244	7.519e-01
135000	135000.000	212.878	-94.38073988	0.57784986	-93.80289002	6.886e-01
135500	135500.000	376.522	-94.23957860	1.02205467	-93.21752392	1.274e+00
136000	136000.000	318.156	-94.24516341	0.86362112	-93.38154230	1.110e+00
136500	136500.000	356.038	-94.26770576	0.96645093	-93.30125483	1.190e+00
137000	137000.000	341.132	-94.27967316	0.92598897	-93.35368419	1.138e+00
137500	137500.000	357.811	-94.58865953	0.97126400	-93.61739552	8.741e-01
138000	138000.000	304.026	-94.50464682	0.82526702	-93.67937980	8.121e-01
138500	138500.000	361.688	-94.48605084	0.98178685	-93.50426399	9.872e-01
139000	139000.000	309.422	-94.51282197	0.83991385	-93.67290812	8.185e-01
139500	139500.000	303.604	-94.57181672	0.82412016	-93.74769656	7.438e-01
140000	140000.000	216.231	-94.33127657	0.58694959	-93.74432698	7.471e-01
140500	140500.000	309.236	-94.37956696	0.83940774	-93.54015921	9.513e-01
141000	141000.000	338.053	-94.56099834	0.91763020	-93.64336814	8.481e-01
141500	141500.000	259.428	-94.60223202	0.70420623	-93.89802579	5.934e-01
142000	142000.000	282.109	-94.61631522	0.76577389	-93.85054133	6.409e-01
142500	142500.000	350.056	-94.65608541	0.95021141	-93.70587400	7.856e-01
143000	143000.000	327.885	-94.77947301	0.89003158	-93.88944144	6.020e-01
143500	143500.000	406.548	-94.23172666	1.10355926	-93.12816740	1.363e+00
144000	144000.000	307.643	-94.56921166	0.83508533	-93.73412633	7.573e-01
144500	144500.000	283.477	-94.55445296	0.76948589	-93.78496707	7.065e-01
145000	145000.000	426.165	-94.57256312	1.15680754	-93.41575558	1.076e+00
145500	145500.000	304.912	-94.68635820	0.82766980	-93.85868840	6.328e-01
146000	146000.000	363.588	-94.48280851	0.98694426	-93.49586425	9.956e-01
146500	146500.000	235.812	-94.67656298	0.64010119	-94.03646179	4.550e-01
147000	147000.000	232.615	-94.50981786	0.63142264	-93.87839522	6.131e-01
147500	147500.000	363.903	-94.53038918	0.98779899	-93.54259019	9.489e-01
148000	148000.000	226.467	-94.66432006	0.61473614	-94.04958392	4.419e-01
148500	148500.000	332.067	-94.76254354	0.90138352	-93.86116002	6.303e-01
149000	149000.000	421.445	-94.61706971	1.14399612	-93.47307359	1.018e+00
149500	149500.000	370.455	-94.53665084	1.00558519	-93.53106565	9.604e-01
150000	150000.000	247.649	-94.50631922	0.67223221	-93.83408701	6.574e-01
150500	150500.000	185.641	-94.64976595	0.50391591	-94.14585005	3.456e-01
151000	151000.000	249.154	-94.70542145	0.67631739	-94.02910406	4.623e-01
151500	151500.000	230.437	-94.19087570	0.62551314	-93.56536257	9.261e-01
152000	152000.000	329.571	-94.42511306	0.89460611	-93.53050695	9.609e-01
152500	152500.000	368.438	-94.44310960	1.00011027	-93.44299933	1.048e+00
153000	153000.000	365.278	-94.37522824	0.99153119	-93.38369704	1.108e+00
153500	153500.000	256.781	-94.52267528	0.69702280	-93.82565248	6.658e-01
154000	154000.000	322.733	-94.52318620	0.87604451	-93.64714169	8.443e-01
154500	154500.000	253.548	-94.52910634	0.68824673	-93.84085961	6.506e-01
155000	155000.000	284.128	-94.49809646	0.77125275	-93.72684371	7.646e-01
155500	155500.000	346.884	-94.41107135	0.94160295	-93.46946841	1.022e+00
156000	156000.000	248.282	-94.63391617	0.67395079	-93.95996538	5.315e-01
156500	156500.000	240.456	-94.63560486	0.65270913	-93.98289573	5.086e-01
157000	157000.000	285.796	-94.34499128	0.77578104	-93.56921025	9.222e-01
157500	157500.000	332.545	-94.20523442	0.90267897	-93.30255546	1.189e+00
158000	158000.000	341.815	-94.55982851	0.92784220	-93.63198631	8.595e-01
158500	158500.000	227.014	-94.46311999	0.61622012	-93.84689988	6.446e-01
159000	159000.000	204.185	-94.69063031	0.55425143	-94.13637887	3.551e-01
159500	159500.000	533.782	-94.48716182	1.44892955	-93.03823227	1.453e+00
160000	160000.000	255.678	-94.50786553	0.69402826	-93.81383727	6.776e-01
160500	160500.000	348.399	-94.52956035	0.94571477	-93.58384558	9.076e-01
161000	161000.000	352.275	-94.67041881	0.95623636	-93.71418245	7.773e-01
161500	161500.000	186.839	-94.10235080	0.50716680	-93.59518400	8.963e-01
162000	162000.000	283.801	-94.36003890	0.77036732	-93.58967158	9.018e-01
162500	162500.000	396.817	-94.31844381	1.07714427	-93.24129954	1.250e+00
163000	163000.000	293.426	-94.31249271	0.79649234	-93.51600038	9.755e-01
163500	163500.000	227.007	-94.45961735	0.61620086	-93.84341648	6.480e-01
164000	164000.000	309.756	-94.75240237	0.84081912	-93.91158325	5.799e-01
164500	164500.000	302.585	-94.45580950	0.82135463	-93.63445487	8.570e-01
165000	165000.000	212.924	-94.27629403	0.57797390	-93.69832013	7.931e-01
165500	165500.000	274.085	-94.41923805	0.74399197	-93.67524608	8.162e-01
166000	166000.000	330.972	-94.55206088	0.89841044	-93.65365044	8.378e-01
166500	166500.000	297.235	-94.56342333	0.80683202	-93.75659131	7.349e-01
167000	167000.000	298.221	-94.65193901	0.80950767	-93.84243134	6.490e-01
167500	167500.000	364.232	-94.53259097	0.98869228	-93.54389869	9.476e-01
168000	168000.000	325.068	-94.42151963	0.88238394	-93.53913569	9.523e-01
168500	168500.000	318.142	-94.87403113	0.86358392	-94.01044721	4.810e-01
169000	169000.000	378.512	-94.47496317	1.02745545	-93.44750772	1.044e+00
169500	169500.000	278.781	-94.56690278	0.75673884	-93.81016394	6.813e-01
170000	170000.000	270.654	-94.52309020	0.73468029	-93.78840990	7.030e-01
170500	170500.000	318.773	-94.48554990	0.86529505	-93.62025484	8.712e-01
171000	171000.000	411.732	-94.74323074	1.11763000	-93.62560073	8.659e-01
171500	171500.000	297.617	-94.64433892	0.80786812	-93.83647079	6.550e-01
172000	172000.000	376.694	-94.31656041	1.02252162	-93.29403879	1.197e+00
172500	172500.000	276.177	-94.49034354	0.74966991	-93.74067363	7.508e-01
173000	173000.000	360.457	-94.22712288	0.97844583	-93.24867705	1.243e+00
173500	173500.000	307.674	-94.42984974	0.83516836	-93.59468138	8.968e-01
174000	174000.000	220.104	-94.15059152	0.59746248	-93.55312905	9.383e-01
174500	174500.000	396.189	-94.35458729	1.07543945	-93.27914784	1.212e+00
175000	175000.000	301.336	-94.26915210	0.81796438	-93.45118773	1.040e+00
175500	175500.000	257.368	-94.41585864	0.69861364	-93.71724499	7.742e-01
176000	176000.000	335.762	-94.27986234	0.91141140	-93.36845093	1.123e+00
176500	176500.000	277.172	-94.39735726	0.75237107	-93.64498618	8.465e-01
177000	177000.000	337.834	-94.59117597	0.91703618	-93.67413980	8.173e-01
177500	177500.000	287.863	-94.46294791	0.78139228	-93.68155564	8.099e-01
178000	178000.000	270.301	-94.73208198	0.73372018	-93.99836180	4.931e-01
178500	178500.000	432.833	-94.56793812	1.17490780	-93.39303032	1.098e+00
179000	179000.000	276.453	-94.73727625	0.75041902	-93.98685722	5.046e-01
179500	179500.000	308.104	-94.32641766	0.83633435	-93.49008331	1.001e+00
180000	180000.000	294.875	-94.26013283	0.80042613	-93.45970670	1.032e+00
180500	180500.000	302.348	-94.67707488	0.82071185	-93.85636303	6.351e-01
181000	181000.000	241.743	-94.35384289	0.65620178	-93.69764111	7.938e-01
181500	181500.000	228.342	-94.47382564	0.61982381	-93.85400183	6.375e-01
182000	182000.000	209.285	-94.57316748	0.56809568	-94.00507180	4.864e-01
182500	182500.000	226.594	-94.45217389	0.61508048	-93.83709341	6.544e-01
183000	183000.000	281.701	-94.56737928	0.76466572	-93.80271356	6.887e-01
183500	183500.000	258.127	-94.39719851	0.70067632	-93.69652219	7.949e-01
184000	184000.000	243.212	-94.61511149	0.66018951	-93.95492198	5.365e-01
184500	184500.000	271.226	-94.47021030	0.73623091	-93.73397939	7.575e-01
185000	185000.000	259.492	-94.61885544	0.70438099	-93.91447445	5.770e-01
185500	185500.000	305.571	-94.53279409	0.82946128	-93.70333281	7.881e-01
186000	186000.000	218.178	-94.61899693	0.59223616	-94.02676077	4.647e-01
186500	186500.000	264.411	-94.28314376	0.71773338	-93.56541038	9.260e-01
187000	187000.000	254.932	-94.77095681	0.69200373	-94.07895308	4.125e-01
187500	187500.000	253.928	-94.44213804	0.68927801	-93.75286003	7.386e-01
188000	188000.000	282.926	-94.44522624	0.76799130	-93.67723493	8.142e-01
188500	188500.000	302.702	-94.70631435	0.82167196	-93.88464239	6.068e-01
189000	189000.000	231.771	-94.70688706	0.62913287	-94.07775419	4.137e-01
189500	189500.000	254.787	-94.73655422	0.69160950	-94.04494472	4.465e-01
190000	190000.000	306.589	-94.34285203	0.83222204	-93.51062999	9.808e-01
190500	190500.000	247.353	-94.35294298	0.67142922	-93.68151377	8.099e-01
191000	191000.000	184.764	-94.40771751	0.50153494	-93.90618258	5.853e-01
191500	191500.000	372.141	-94.06697636	1.01016116	-93.05681520	1.435e+00
192000	192000.000	296.013	-94.47334467	0.80351448	-93.66983019	8.216e-01
192500	192500.000	340.186	-94.32787312	0.92342103	-93.40445210	1.087e+00
193000	193000.000	248.428	-94.47960847	0.67434698	-93.80526148	6.862e-01
193500	193500.000	261.166	-94.41077831	0.70892441	-93.70185390	7.896e-01
194000	194000.000	241.446	-94.37759710	0.65539616	-93.72220093	7.693e-01
194500	194500.000	214.277	-94.29222129	0.58164561	-93.71057568	7.809e-01
195000	195000.000	406.893	-94.36865273	1.10449505	-93.26415768	1.227e+00
195500	195500.000	239.749	-94.55327029	0.65078855	-93.90248174	5.890e-01
196000	196000.000	219.954	-94.64240883	0.59705484	-94.04535400	4.461e-01
196500	196500.000	250.842	-94.55506624	0.68089998	-93.87416626	6.173e-01
197000	197000.000	293.973	-94.28526272	0.79797864	-93.48728408	1.004e+00
197500	197500.000	350.809	-94.24110456	0.95225728	-93.28884728	1.203e+00
198000	198000.000	354.376	-94.23840945	0.96193910	-93.27647035	1.215e+00
198500	198500.000	389.418	-94.36903600	1.05705798	-93.31197802	1.179e+00
199000	199000.000	276.031	-94.59890718	0.74927491	-93.84963227	6.418e-01
199500	199500.000	292.030	-94.37432536	0.79270303	-93.58162233	9.098e-01
200000	200000.000	399.824	-94.26559685	1.08530653	-93.18029032	1.311e+00
